
> @insightflow/web@0.1.0 dev F:\project\InsightFlow\apps\web
> next dev "-H" "127.0.0.1" "-p" "3000"

▲ Next.js 16.3.0 (Turbopack)
- Local:         http://127.0.0.1:3000
- Network:       http://127.0.0.1:3000
✓ Ready in 1374ms
✓ Running next.config.ts took 215ms

 GET / 200 in 595ms (next.js: 308ms, application-code: 287ms)
 GET / 200 in 46ms (next.js: 7ms, application-code: 39ms)
 GET /datasets 200 in 85ms (next.js: 36ms, application-code: 49ms)
 GET / 200 in 45ms (next.js: 3ms, application-code: 42ms)
 GET / 200 in 55ms (next.js: 4ms, application-code: 52ms)
 GET /datasets 200 in 106ms (next.js: 11ms, application-code: 95ms)
 GET / 200 in 58ms (next.js: 10ms, application-code: 48ms)
 GET /datasets 200 in 56ms (next.js: 8ms, application-code: 49ms)
 GET / 200 in 58ms (next.js: 12ms, application-code: 46ms)
 GET /datasets 200 in 52ms (next.js: 10ms, application-code: 43ms)
 GET /datasets/2dc0e501-cd6e-49e4-b15a-33f4a05c0f4f 200 in 916ms (next.js: 847ms, application-code: 68ms)
 GET /datasets 200 in 46ms (next.js: 6ms, application-code: 40ms)
 GET /datasets/2dc0e501-cd6e-49e4-b15a-33f4a05c0f4f 200 in 77ms (next.js: 37ms, application-code: 39ms)
 GET /datasets 200 in 46ms (next.js: 8ms, application-code: 38ms)
 GET /datasets 200 in 20ms (next.js: 7ms, application-code: 13ms)
 GET /datasets 200 in 49ms (next.js: 7ms, application-code: 42ms)
 GET / 200 in 44ms (next.js: 7ms, application-code: 37ms)
[?25h
 ELIFECYCLE  Command failed with exit code 4294967295.
